// Jest Snapshot v1, https://goo.gl/fbAQLP

exports[`music should have the expected watchers 1`] = `
Object {
  "fork": Array [
    Object {
      "@@redux-saga/IO": true,
      "FORK": Object {
        "args": Array [
          "GET_JANE_REQUEST",
          "@@redux-saga-test-plan/json/function/getJane",
        ],
        "context": null,
        "fn": "@@redux-saga-test-plan/json/function/takeLatest",
      },
    },
  ],
  "take": Array [
    Object {
      "@@redux-saga/IO": true,
      "TAKE": Object {
        "pattern": "GET_JANE_REQUEST",
      },
    },
  ],
}
`;
