// Jest Snapshot v1, https://goo.gl/fbAQLP

exports[`Logo should render properly 1`] = `"<img height=\\"55\\" src=\\"\\" alt=\\"Noirdoor Coding Challenge\\">"`;
