// Jest Snapshot v1, https://goo.gl/fbAQLP

exports[`Home should render properly 1`] = `"<div class=\\"app__home app__route\\"><div class=\\"app__container\\"><div class=\\"app__home__wrapper\\"><div class=\\"app__home__header\\"><img height=\\"55\\" src=\\"\\" alt=\\"Noirdoor Coding Challenge\\"></div><h1>Noirdoor Coding Challenge</h1><a href=\\"#login\\" class=\\"btn btn-lg btn-primary btn-icon\\"><i class=\\"i-sign-in\\"></i><span>Start</span></a></div></div></div>"`;
